assets/shaders/slang/geometry.slang
stdout:


stderr:
warning[E41010]: non-void function does not return in all cases
  --> assets/shaders/slang/geometry.slang:12:14
   |
12 | VertexOutput vertex(
   |              ^^^^^^ non-void function does not return in all cases
---'
warning[E41010]: non-void function does not return in all cases
  --> assets/shaders/slang/geometry.slang:22:16
   |
22 | FragmentOutput fragment() {
   |                ^^^^^^^^ non-void function does not return in all cases
---'
error[E41009]: non-void function must return
  --> assets/shaders/slang/geometry.slang:12:14
   |
12 | VertexOutput vertex(
   |              ^^^^^^ non-void function must return in all cases for target 'spirv'
---'
error[E41009]: non-void function must return
  --> assets/shaders/slang/geometry.slang:22:16
   |
22 | FragmentOutput fragment() {
   |                ^^^^^^^^ non-void function must return in all cases for target 'spirv'
---'


